[tblastn] M_leprae (3.31 Mb) ...
    3027 requetes avec >=1 hit
[tblastn] M_lepromatosis (3.31 Mb) ...
    3020 requetes avec >=1 hit
[tblastn] M_abscessus (5.14 Mb) ...
    2965 requetes avec >=1 hit
[tblastn] T_whipplei (0.93 Mb) ...
    1000 requetes avec >=1 hit
[tblastn] M_luteus (2.54 Mb) ...
Traceback (most recent call last):
  File "/home/christophe/docs/codes/mtbc/Rv0810c/analyses/phase3_p4_2_reductive_denominator.py", line 350, in <module>
    main()
    ~~~~^^
  File "/home/christophe/docs/codes/mtbc/Rv0810c/analyses/phase3_p4_2_reductive_denominator.py", line 219, in main
    hits[name] = run_tblastn(PROTEOME, meta["path"], name)
                 ~~~~~~~~~~~^^^^^^^^^^^^^^^^^^^^^^^^^^^^^^
  File "/home/christophe/docs/codes/mtbc/Rv0810c/analyses/phase3_p4_2_reductive_denominator.py", line 129, in run_tblastn
    subprocess.run(
    ~~~~~~~~~~~~~~^
        [
        ^
    ...<6 lines>...
        capture_output=True,
        ^^^^^^^^^^^^^^^^^^^^
    )
    ^
  File "/usr/lib/python3.14/subprocess.py", line 578, in run
    raise CalledProcessError(retcode, process.args,
                             output=stdout, stderr=stderr)
subprocess.CalledProcessError: Command '['tblastn', '-query', '/home/christophe/docs/codes/mtbc/annotation_mtbc/résultats/phase2d_eggnog/proteome.faa', '-db', '/home/christophe/docs/codes/mtbc/Rv0810c/experiments/2026-08-10_P4.2_work/db_M_luteus', '-outfmt', '6 qseqid sseqid pident length evalue bitscore qcovs', '-evalue', '0.001', '-seg', 'no', '-num_threads', '12', '-max_target_seqs', '20', '-out', '/home/christophe/docs/codes/mtbc/Rv0810c/experiments/2026-08-10_P4.2_work/tmpuc_2_nbd.tsv']' died with <Signals.SIGTERM: 15>.
