Running on CPU, this will be slow. Consider using a GPU.
MSA server enabled: https://api.colabfold.com
MSA server authentication: no credentials provided
Checking input data.
Processing 1 inputs with 1 threads.
  0%|          | 0/1 [00:00<?, ?it/s]Traceback (most recent call last):
  File "/home/christophe/venvs/boltz/lib/python3.11/site-packages/boltz/main.py", line 551, in process_input
    target = parse_yaml(path, ccd, mol_dir, boltz2)
             ^^^^^^^^^^^^^^^^^^^^^^^^^^^^^^^^^^^^^^
  File "/home/christophe/venvs/boltz/lib/python3.11/site-packages/boltz/data/parse/yaml.py", line 68, in parse_yaml
    return parse_boltz_schema(name, data, ccd, mol_dir, boltz2)
           ^^^^^^^^^^^^^^^^^^^^^^^^^^^^^^^^^^^^^^^^^^^^^^^^^^^^
  File "/home/christophe/venvs/boltz/lib/python3.11/site-packages/boltz/data/parse/schema.py", line 1313, in parse_boltz_schema
    raise ValueError(msg)
ValueError: Cannot mix custom and auto-generated MSAs in the same input!
100%|██████████| 1/1 [00:00<00:00,  3.89it/s]100%|██████████| 1/1 [00:00<00:00,  3.88it/s]
Using bfloat16 Automatic Mixed Precision (AMP)
GPU available: False, used: False
TPU available: False, using: 0 TPU cores
HPU available: False, using: 0 HPUs
/home/christophe/venvs/boltz/lib/python3.11/site-packages/pytorch_lightning/trainer/connectors/logger_connector/logger_connector.py:76: Starting from v1.9.0, `tensorboardX` has been removed as a dependency of the `pytorch_lightning` package, due to potential conflicts with other packages in the ML ecosystem. For this reason, `logger=True` will use `CSVLogger` as the default logger, unless the `tensorboard` or `tensorboardX` packages are found. Please `pip install lightning[extra]` or one of them to enable TensorBoard support by default
Failed to process /home/christophe/docs/codes/mtbc/Rv1025/résultats/phase33_divisome_panel/rv1025_sepF_Rv2147c.yaml. Skipping. Error: Cannot mix custom and auto-generated MSAs in the same input!.
