  PRE-VOL ECHEC : RAM disponible 8841 Mio < 1,2x besoin estime 13119 Mio (542 tokens)
  PRE-VOL ECHEC : RAM disponible 8836 Mio < 1,2x besoin estime 12892 Mio (534 tokens)
  PRE-VOL ECHEC : RAM disponible 8804 Mio < 1,2x besoin estime 9038 Mio (373 tokens)
  PRE-VOL ECHEC : RAM disponible 8790 Mio < 1,2x besoin estime 11246 Mio (472 tokens)
  PRE-VOL ECHEC : RAM disponible 8773 Mio < 1,2x besoin estime 17533 Mio (679 tokens)
  PRE-VOL ECHEC : RAM disponible 8754 Mio < 1,2x besoin estime 23722 Mio (834 tokens)
  PRE-VOL ECHEC : RAM disponible 8724 Mio < 1,2x besoin estime 31023 Mio (986 tokens)
  cycle 1/150 : 7 job(s) restant(s), attente 300s (18:05:58)
  PRE-VOL ECHEC : RAM disponible 11129 Mio < 1,2x besoin estime 13119 Mio (542 tokens)
  PRE-VOL ECHEC : RAM disponible 11199 Mio < 1,2x besoin estime 12892 Mio (534 tokens)
  pre-vol OK : 11196 Mio dispo, besoin estime 9038 Mio (373 tokens)
=== rv1025_sepF_Rv2147c 18:10:58 ===
  rv1025_sepF_Rv2147c OK
  PRE-VOL ECHEC : RAM disponible 11015 Mio < 1,2x besoin estime 11246 Mio (472 tokens)
  PRE-VOL ECHEC : RAM disponible 11025 Mio < 1,2x besoin estime 17533 Mio (679 tokens)
  PRE-VOL ECHEC : RAM disponible 11023 Mio < 1,2x besoin estime 23722 Mio (834 tokens)
  PRE-VOL ECHEC : RAM disponible 11007 Mio < 1,2x besoin estime 31023 Mio (986 tokens)
  cycle 2/150 : 6 job(s) restant(s), attente 300s (18:11:29)
  PRE-VOL ECHEC : RAM disponible 11806 Mio < 1,2x besoin estime 13119 Mio (542 tokens)
  PRE-VOL ECHEC : RAM disponible 11805 Mio < 1,2x besoin estime 12892 Mio (534 tokens)
  PRE-VOL ECHEC : RAM disponible 11801 Mio < 1,2x besoin estime 11246 Mio (472 tokens)
  PRE-VOL ECHEC : RAM disponible 11798 Mio < 1,2x besoin estime 17533 Mio (679 tokens)
  PRE-VOL ECHEC : RAM disponible 11792 Mio < 1,2x besoin estime 23722 Mio (834 tokens)
  PRE-VOL ECHEC : RAM disponible 11781 Mio < 1,2x besoin estime 31023 Mio (986 tokens)
  cycle 3/150 : 6 job(s) restant(s), attente 300s (18:16:29)
