=== homodimer_2fe ===
Running on CPU, this will be slow. Consider using a GPU.
Extracting the CCD data to /home/christophe/.boltz/mols. This may take a bit of time. You may change the cache directory with the --cache flag.
Checking input data.
Found 0 existing processed inputs, skipping them.
Processing 1 inputs with 1 threads.
  0%|          | 0/1 [00:00<?, ?it/s]100%|██████████| 1/1 [00:00<00:00,  1.67it/s]100%|██████████| 1/1 [00:00<00:00,  1.67it/s]
Using bfloat16 Automatic Mixed Precision (AMP)
GPU available: False, used: False
TPU available: False, using: 0 TPU cores
HPU available: False, using: 0 HPUs
/home/christophe/venvs/boltz/lib/python3.11/site-packages/pytorch_lightning/trainer/connectors/logger_connector/logger_connector.py:76: Starting from v1.9.0, `tensorboardX` has been removed as a dependency of the `pytorch_lightning` package, due to potential conflicts with other packages in the ML ecosystem. For this reason, `logger=True` will use `CSVLogger` as the default logger, unless the `tensorboard` or `tensorboardX` packages are found. Please `pip install lightning[extra]` or one of them to enable TensorBoard support by default
Running structure prediction for 1 input.
/home/christophe/venvs/boltz/lib/python3.11/site-packages/pytorch_lightning/utilities/migration/utils.py:56: The loaded checkpoint was produced with Lightning v2.5.0.post0, which is newer than your current Lightning version: v2.5.0
/home/christophe/venvs/boltz/lib/python3.11/site-packages/pytorch_lightning/utilities/_pytree.py:21: `isinstance(treespec, LeafSpec)` is deprecated, use `isinstance(treespec, TreeSpec) and treespec.is_leaf()` instead.
/home/christophe/venvs/boltz/lib/python3.11/site-packages/torch/utils/data/dataloader.py:1102: UserWarning: 'pin_memory' argument is set as true but no accelerator is found, then device pinned memory won't be used.
  super().__init__(loader)
Predicting: |          | 0/? [00:00<?, ?it/s]Predicting:   0%|          | 0/1 [00:00<?, ?it/s]Predicting DataLoader 0:   0%|          | 0/1 [00:00<?, ?it/s]Predicting DataLoader 0: 100%|██████████| 1/1 [11:46:56<00:00,  0.00it/s]Number of failed examples: 0
Predicting DataLoader 0: 100%|██████████| 1/1 [11:46:56<00:00,  0.00it/s]
=== homodimer_apo ===
./run_boltz.sh: ligne 9: /home/christophe/venvs/boltz/bin/boltz: Aucun fichier ou dossier de ce nom
